---
version: 1
interactions:
- request:
    body: "--1164b6b7ed4476c5214cf80c72745e8e34fa91e721ad51299c1d45596dbd\r\nContent-Type:
      application/json\r\n\r\n{\"bucket\":\"go-cloud-blob-test-bucket\",\"contentType\":\"text/plain;
      charset=utf-8\",\"name\":\"blob-for-reading\"}\n\r\n--1164b6b7ed4476c5214cf80c72745e8e34fa91e721ad51299c1d45596dbd\r\nContent-Type:
      text/plain; charset=utf-8\r\n\r\nabcdefghijklmnopqurstuvwxyz\r\n--1164b6b7ed4476c5214cf80c72745e8e34fa91e721ad51299c1d45596dbd--\r\n"
    form: {}
    headers:
      Content-Type:
      - multipart/related; boundary=1164b6b7ed4476c5214cf80c72745e8e34fa91e721ad51299c1d45596dbd
      User-Agent:
      - google-api-go-client/0.5
      X-Goog-Api-Client:
      - gl-go/1.11.0-rc2 gccl/20180226
    url: https://www.googleapis.com/upload/storage/v1/b/go-cloud-blob-test-bucket/o?alt=json&prettyPrint=false&projection=full&uploadType=multipart
    method: POST
  response:
    body: '{"kind":"storage#object","id":"go-cloud-blob-test-bucket/blob-for-reading/1540594591779468","selfLink":"https://www.googleapis.com/storage/v1/b/go-cloud-blob-test-bucket/o/blob-for-reading","name":"blob-for-reading","bucket":"go-cloud-blob-test-bucket","generation":"1540594591779468","metageneration":"1","contentType":"text/plain;
      charset=utf-8","timeCreated":"2018-10-26T22:56:31.779Z","updated":"2018-10-26T22:56:31.779Z","storageClass":"REGIONAL","timeStorageClassUpdated":"2018-10-26T22:56:31.779Z","size":"27","md5Hash":"PflsWr6X8pZ9OAEIcAMKXw==","mediaLink":"https://www.googleapis.com/download/storage/v1/b/go-cloud-blob-test-bucket/o/blob-for-reading?generation=1540594591779468&alt=media","acl":[{"kind":"storage#objectAccessControl","id":"go-cloud-blob-test-bucket/blob-for-reading/1540594591779468/project-owners-892942638129","selfLink":"https://www.googleapis.com/storage/v1/b/go-cloud-blob-test-bucket/o/blob-for-reading/acl/project-owners-892942638129","bucket":"go-cloud-blob-test-bucket","object":"blob-for-reading","generation":"1540594591779468","entity":"project-owners-892942638129","role":"OWNER","projectTeam":{"projectNumber":"892942638129","team":"owners"},"etag":"CIyVi4uapd4CEAE="},{"kind":"storage#objectAccessControl","id":"go-cloud-blob-test-bucket/blob-for-reading/1540594591779468/project-editors-892942638129","selfLink":"https://www.googleapis.com/storage/v1/b/go-cloud-blob-test-bucket/o/blob-for-reading/acl/project-editors-892942638129","bucket":"go-cloud-blob-test-bucket","object":"blob-for-reading","generation":"1540594591779468","entity":"project-editors-892942638129","role":"OWNER","projectTeam":{"projectNumber":"892942638129","team":"editors"},"etag":"CIyVi4uapd4CEAE="},{"kind":"storage#objectAccessControl","id":"go-cloud-blob-test-bucket/blob-for-reading/1540594591779468/project-viewers-892942638129","selfLink":"https://www.googleapis.com/storage/v1/b/go-cloud-blob-test-bucket/o/blob-for-reading/acl/project-viewers-892942638129","bucket":"go-cloud-blob-test-bucket","object":"blob-for-reading","generation":"1540594591779468","entity":"project-viewers-892942638129","role":"READER","projectTeam":{"projectNumber":"892942638129","team":"viewers"},"etag":"CIyVi4uapd4CEAE="},{"kind":"storage#objectAccessControl","id":"go-cloud-blob-test-bucket/blob-for-reading/1540594591779468/user-rvangent@google.com","selfLink":"https://www.googleapis.com/storage/v1/b/go-cloud-blob-test-bucket/o/blob-for-reading/acl/user-rvangent@google.com","bucket":"go-cloud-blob-test-bucket","object":"blob-for-reading","generation":"1540594591779468","entity":"user-rvangent@google.com","role":"OWNER","email":"rvangent@google.com","etag":"CIyVi4uapd4CEAE="}],"owner":{"entity":"user-rvangent@google.com"},"crc32c":"MoVm6Q==","etag":"CIyVi4uapd4CEAE="}'
    headers:
      Alt-Svc:
      - quic=":443"; ma=2592000; v="44,43,39,35"
      Cache-Control:
      - no-cache, no-store, max-age=0, must-revalidate
      Content-Length:
      - "2783"
      Content-Type:
      - application/json; charset=UTF-8
      Date:
      - Fri, 26 Oct 2018 22:56:31 GMT
      Etag:
      - CIyVi4uapd4CEAE=
      Expires:
      - Mon, 01 Jan 1990 00:00:00 GMT
      Pragma:
      - no-cache
      Server:
      - UploadServer
      Vary:
      - Origin
      - X-Origin
      X-Guploader-Customer:
      - apiary_cloudstorage_single_post_uploads
      X-Guploader-Request-Result:
      - success
      X-Guploader-Upload-Result:
      - success
      X-Guploader-Uploadid:
      - AEnB2Uq5JPmDGJTrgnEoi09N_Uk09h-UNlfmQvjyX_g96nve5a8ksSmSp5xcZ-OYxvFqpU90dP25JgL2JfLj-jlfhcqlKjvHOw
    status: 200 OK
    code: 200
    duration: ""
- request:
    body: ""
    form: {}
    headers:
      Range:
      - bytes=10-14
    url: https://storage.googleapis.com/go-cloud-blob-test-bucket/blob-for-reading
    method: GET
  response:
    body: klmno
    headers:
      Accept-Ranges:
      - bytes
      Alt-Svc:
      - quic=":443"; ma=2592000; v="44,43,39,35"
      Cache-Control:
      - private, max-age=0
      Content-Length:
      - "5"
      Content-Range:
      - bytes 10-14/27
      Content-Type:
      - text/plain; charset=utf-8
      Date:
      - Fri, 26 Oct 2018 22:56:31 GMT
      Etag:
      - '"3df96c5abe97f2967d38010870030a5f"'
      Expires:
      - Fri, 26 Oct 2018 22:56:31 GMT
      Last-Modified:
      - Fri, 26 Oct 2018 22:56:31 GMT
      Server:
      - UploadServer
      X-Goog-Generation:
      - "1540594591779468"
      X-Goog-Hash:
      - crc32c=MoVm6Q==
      - md5=PflsWr6X8pZ9OAEIcAMKXw==
      X-Goog-Metageneration:
      - "1"
      X-Goog-Storage-Class:
      - REGIONAL
      X-Goog-Stored-Content-Encoding:
      - identity
      X-Goog-Stored-Content-Length:
      - "27"
      X-Guploader-Customer:
      - cloud-storage
      X-Guploader-Request-Result:
      - success
      X-Guploader-Upload-Result:
      - success
      X-Guploader-Uploadid:
      - AEnB2UrslHeb4XsDJ8HHBpaP0opZmNYfg1M6ZPpZwXtd0rqs0C7vOYkvtjFN5UvhOvXE7MAfEFSLoQ0kj_pB8Jg2D54BpGX2tQ
    status: 206 Partial Content
    code: 206
    duration: ""
- request:
    body: ""
    form: {}
    headers:
      User-Agent:
      - google-api-go-client/0.5
      X-Goog-Api-Client:
      - gl-go/1.11.0-rc2 gccl/20180226
    url: https://www.googleapis.com/storage/v1/b/go-cloud-blob-test-bucket/o/blob-for-reading?alt=json&prettyPrint=false
    method: DELETE
  response:
    body: ""
    headers:
      Alt-Svc:
      - quic=":443"; ma=2592000; v="44,43,39,35"
      Cache-Control:
      - no-cache, no-store, max-age=0, must-revalidate
      Content-Length:
      - "0"
      Content-Type:
      - application/json
      Date:
      - Fri, 26 Oct 2018 22:56:31 GMT
      Expires:
      - Mon, 01 Jan 1990 00:00:00 GMT
      Pragma:
      - no-cache
      Server:
      - UploadServer
      Vary:
      - Origin
      - X-Origin
      X-Guploader-Customer:
      - apiary_cloudstorage_metadata
      X-Guploader-Request-Result:
      - success
      X-Guploader-Upload-Result:
      - success
      X-Guploader-Uploadid:
      - AEnB2Uo3CgRQLdJxOBIiPiIUweTVs4rH6E9CYABOe-1Q2iGVjjf0Vmhv0bKzg8yAW-l_XKE9CFS5PohpU1iigz-5M1aHWM_czw
    status: 204 No Content
    code: 204
    duration: ""
