---
version: 1
interactions:
- request:
    body: hello
    form: {}
    headers:
      Content-Length:
      - "5"
      Content-Md5:
      - XUFAKrxLKna5cZ2REBfFkg==
      Content-Type:
      - text/plain; charset=utf-8
      User-Agent:
      - aws-sdk-go/1.13.20 (go1.11rc2; linux; amd64) S3Manager
      X-Amz-Content-Sha256:
      - 2cf24dba5fb0a30e26e83b2ac5b9e29e1b161e5c1fa7425e73043362938b9824
      X-Amz-Date:
      - 20180928T231729Z
      X-Amz-Meta-Key-A:
      - value-a
      X-Amz-Meta-Key-B:
      - value-b
      X-Amz-Meta-Key-C:
      - vAlUe-c
    url: https://go-cloud-bucket.s3.us-east-2.amazonaws.com/blob-for-metadata
    method: PUT
  response:
    body: ""
    headers:
      Content-Length:
      - "0"
      Date:
      - Fri, 28 Sep 2018 23:17:30 GMT
      Etag:
      - '"5d41402abc4b2a76b9719d911017c592"'
      Server:
      - AmazonS3
      X-Amz-Id-2:
      - 0QtWxECCgSiLqqc9Lw4gxJAM4onU/47MKhJTCZRRufpnW8qVM9OKO7vWkcMnW4ZXWNaPtxon/gM=
      X-Amz-Request-Id:
      - 48CCA939C67B455B
    status: 200 OK
    code: 200
    duration: ""
- request:
    body: ""
    form: {}
    headers:
      User-Agent:
      - aws-sdk-go/1.13.20 (go1.11rc2; linux; amd64)
      X-Amz-Content-Sha256:
      - e3b0c44298fc1c149afbf4c8996fb92427ae41e4649b934ca495991b7852b855
      X-Amz-Date:
      - 20180928T231729Z
    url: https://go-cloud-bucket.s3.us-east-2.amazonaws.com/blob-for-metadata
    method: HEAD
  response:
    body: ""
    headers:
      Accept-Ranges:
      - bytes
      Content-Length:
      - "5"
      Content-Type:
      - text/plain; charset=utf-8
      Date:
      - Fri, 28 Sep 2018 23:17:30 GMT
      Etag:
      - '"5d41402abc4b2a76b9719d911017c592"'
      Last-Modified:
      - Fri, 28 Sep 2018 23:17:30 GMT
      Server:
      - AmazonS3
      X-Amz-Id-2:
      - QNWHz02mEbmx35txm91+SRi2n5IB+8FIRA1eVrCd80RQcYOJJl0vocaFCwLWg8v++1FqYb3geng=
      X-Amz-Meta-Key-A:
      - value-a
      X-Amz-Meta-Key-B:
      - value-b
      X-Amz-Meta-Key-C:
      - vAlUe-c
      X-Amz-Request-Id:
      - 9F30A1833AA7A01B
    status: 200 OK
    code: 200
    duration: ""
- request:
    body: ""
    form: {}
    headers:
      User-Agent:
      - aws-sdk-go/1.13.20 (go1.11rc2; linux; amd64)
      X-Amz-Content-Sha256:
      - e3b0c44298fc1c149afbf4c8996fb92427ae41e4649b934ca495991b7852b855
      X-Amz-Date:
      - 20180928T231729Z
    url: https://go-cloud-bucket.s3.us-east-2.amazonaws.com/blob-for-metadata
    method: HEAD
  response:
    body: ""
    headers:
      Accept-Ranges:
      - bytes
      Content-Length:
      - "5"
      Content-Type:
      - text/plain; charset=utf-8
      Date:
      - Fri, 28 Sep 2018 23:17:31 GMT
      Etag:
      - '"5d41402abc4b2a76b9719d911017c592"'
      Last-Modified:
      - Fri, 28 Sep 2018 23:17:30 GMT
      Server:
      - AmazonS3
      X-Amz-Id-2:
      - txV5jWSG/urYN2e4tnhopudnaPlVTNOHTskYhd0+ntqwwDGzPmf2yWNkTxJzsUxpJKXHItsf2Ik=
      X-Amz-Meta-Key-A:
      - value-a
      X-Amz-Meta-Key-B:
      - value-b
      X-Amz-Meta-Key-C:
      - vAlUe-c
      X-Amz-Request-Id:
      - 3B408F410ED17758
    status: 200 OK
    code: 200
    duration: ""
- request:
    body: ""
    form: {}
    headers:
      User-Agent:
      - aws-sdk-go/1.13.20 (go1.11rc2; linux; amd64)
      X-Amz-Content-Sha256:
      - e3b0c44298fc1c149afbf4c8996fb92427ae41e4649b934ca495991b7852b855
      X-Amz-Date:
      - 20180928T231730Z
    url: https://go-cloud-bucket.s3.us-east-2.amazonaws.com/blob-for-metadata
    method: DELETE
  response:
    body: ""
    headers:
      Date:
      - Fri, 28 Sep 2018 23:17:31 GMT
      Server:
      - AmazonS3
      X-Amz-Id-2:
      - Oow/yNiSOn49ZjTstp40zLsX/YHpQPzu9odpI1jg7bm3du0jCjr1DfmKz5+lLbTitb6al/yjbZQ=
      X-Amz-Request-Id:
      - C0686F7D17A009A3
    status: 204 No Content
    code: 204
    duration: ""
