---
version: 1
interactions:
- request:
    body: hello world
    form: {}
    headers:
      Content-Length:
      - "11"
      Content-Md5:
      - XrY7u+Ae7tCTyyK7j1rNww==
      Content-Type:
      - text/plain; charset=utf-8
      User-Agent:
      - aws-sdk-go/1.15.57 (go1.11; linux; amd64) S3Manager
      X-Amz-Content-Sha256:
      - b94d27b9934d3e08a52e52d7da7dabfac484efe37a5380ee9088f7ace2efcde9
      X-Amz-Date:
      - 20181119T195032Z
    url: https://go-cloud-bucket.s3.us-east-2.amazonaws.com/as-test
    method: PUT
  response:
    body: ""
    headers:
      Content-Length:
      - "0"
      Date:
      - Mon, 19 Nov 2018 19:50:33 GMT
      Etag:
      - '"5eb63bbbe01eeed093cb22bb8f5acdc3"'
      Server:
      - AmazonS3
      X-Amz-Id-2:
      - n5MKr4SOGqRxbQYmy6a50gOFvoYhzJ2KdFUpguznXS9iPKFHYx0H6kb/2dlCkSw0te8WqEIYS20=
      X-Amz-Request-Id:
      - FCF7FDEECBA868DE
    status: 200 OK
    code: 200
    duration: ""
- request:
    body: ""
    form: {}
    headers:
      User-Agent:
      - aws-sdk-go/1.15.57 (go1.11; linux; amd64)
      X-Amz-Content-Sha256:
      - e3b0c44298fc1c149afbf4c8996fb92427ae41e4649b934ca495991b7852b855
      X-Amz-Date:
      - 20181119T195032Z
    url: https://go-cloud-bucket.s3.us-east-2.amazonaws.com/as-test
    method: HEAD
  response:
    body: ""
    headers:
      Accept-Ranges:
      - bytes
      Content-Length:
      - "11"
      Content-Type:
      - text/plain; charset=utf-8
      Date:
      - Mon, 19 Nov 2018 19:50:33 GMT
      Etag:
      - '"5eb63bbbe01eeed093cb22bb8f5acdc3"'
      Last-Modified:
      - Mon, 19 Nov 2018 19:50:33 GMT
      Server:
      - AmazonS3
      X-Amz-Id-2:
      - FECtGUT44IGPtTDQ1p9f/5k3wX12VJEppO8pN068AyBiRqIdnRUXpmF/EmCi8MoGtIiQKvhUQK8=
      X-Amz-Request-Id:
      - EECD1B35E9DE0E4C
    status: 200 OK
    code: 200
    duration: ""
- request:
    body: ""
    form: {}
    headers:
      User-Agent:
      - aws-sdk-go/1.15.57 (go1.11; linux; amd64)
      X-Amz-Content-Sha256:
      - e3b0c44298fc1c149afbf4c8996fb92427ae41e4649b934ca495991b7852b855
      X-Amz-Date:
      - 20181119T195032Z
    url: https://go-cloud-bucket.s3.us-east-2.amazonaws.com/as-test
    method: GET
  response:
    body: hello world
    headers:
      Accept-Ranges:
      - bytes
      Content-Length:
      - "11"
      Content-Type:
      - text/plain; charset=utf-8
      Date:
      - Mon, 19 Nov 2018 19:50:33 GMT
      Etag:
      - '"5eb63bbbe01eeed093cb22bb8f5acdc3"'
      Last-Modified:
      - Mon, 19 Nov 2018 19:50:33 GMT
      Server:
      - AmazonS3
      X-Amz-Id-2:
      - l/upIr1qcYMTyDoyN+I3XDwT5zVr5C8aselUovBh0QwRkaUbCORxSU7kI3FKq1QvTuaNwgix5r8=
      X-Amz-Request-Id:
      - 47C6BD880C1B423B
    status: 200 OK
    code: 200
    duration: ""
- request:
    body: ""
    form: {}
    headers:
      User-Agent:
      - aws-sdk-go/1.15.57 (go1.11; linux; amd64)
      X-Amz-Content-Sha256:
      - e3b0c44298fc1c149afbf4c8996fb92427ae41e4649b934ca495991b7852b855
      X-Amz-Date:
      - 20181119T195032Z
    url: https://go-cloud-bucket.s3.us-east-2.amazonaws.com/?list-type=2&max-keys=1000&prefix=as-test
    method: GET
  response:
    body: |-
      <?xml version="1.0" encoding="UTF-8"?>
      <ListBucketResult xmlns="http://s3.amazonaws.com/doc/2006-03-01/"><Name>go-cloud-bucket</Name><Prefix>as-test</Prefix><KeyCount>1</KeyCount><MaxKeys>1000</MaxKeys><IsTruncated>false</IsTruncated><Contents><Key>as-test</Key><LastModified>2018-11-19T19:50:33.000Z</LastModified><ETag>&quot;5eb63bbbe01eeed093cb22bb8f5acdc3&quot;</ETag><Size>11</Size><StorageClass>STANDARD</StorageClass></Contents></ListBucketResult>
    headers:
      Content-Type:
      - application/xml
      Date:
      - Mon, 19 Nov 2018 19:50:33 GMT
      Server:
      - AmazonS3
      X-Amz-Bucket-Region:
      - us-east-2
      X-Amz-Id-2:
      - 7BkRNAVadWvV2i3RKzM+GTTUTkKSCQ8+iTixaTS4tmxkFokccNsyrsTFoa1Lw+XWdPMteYYqEI0=
      X-Amz-Request-Id:
      - 9E01EEFB28B1FEF2
    status: 200 OK
    code: 200
    duration: ""
- request:
    body: ""
    form: {}
    headers:
      User-Agent:
      - aws-sdk-go/1.15.57 (go1.11; linux; amd64)
      X-Amz-Content-Sha256:
      - e3b0c44298fc1c149afbf4c8996fb92427ae41e4649b934ca495991b7852b855
      X-Amz-Date:
      - 20181119T195032Z
    url: https://go-cloud-bucket.s3.us-east-2.amazonaws.com/key-does-not-exist
    method: GET
  response:
    body: |-
      <?xml version="1.0" encoding="UTF-8"?>
      <Error><Code>NoSuchKey</Code><Message>The specified key does not exist.</Message><Key>key-does-not-exist</Key><RequestId>B9EA953D3BB39958</RequestId><HostId>Qr6raTxQQDOcaR7xi4nM6i6TKys6TLOLny09MDfsOCwtCYeaQ7dPbO2+ZU15fgOhoyqTtQn9r/E=</HostId></Error>
    headers:
      Content-Type:
      - application/xml
      Date:
      - Mon, 19 Nov 2018 19:50:32 GMT
      Server:
      - AmazonS3
      X-Amz-Id-2:
      - Qr6raTxQQDOcaR7xi4nM6i6TKys6TLOLny09MDfsOCwtCYeaQ7dPbO2+ZU15fgOhoyqTtQn9r/E=
      X-Amz-Request-Id:
      - B9EA953D3BB39958
    status: 404 Not Found
    code: 404
    duration: ""
- request:
    body: ""
    form: {}
    headers:
      User-Agent:
      - aws-sdk-go/1.15.57 (go1.11; linux; amd64)
      X-Amz-Content-Sha256:
      - e3b0c44298fc1c149afbf4c8996fb92427ae41e4649b934ca495991b7852b855
      X-Amz-Date:
      - 20181119T195032Z
    url: https://go-cloud-bucket.s3.us-east-2.amazonaws.com/as-test
    method: HEAD
  response:
    body: ""
    headers:
      Accept-Ranges:
      - bytes
      Content-Length:
      - "11"
      Content-Type:
      - text/plain; charset=utf-8
      Date:
      - Mon, 19 Nov 2018 19:50:33 GMT
      Etag:
      - '"5eb63bbbe01eeed093cb22bb8f5acdc3"'
      Last-Modified:
      - Mon, 19 Nov 2018 19:50:33 GMT
      Server:
      - AmazonS3
      X-Amz-Id-2:
      - TPnrJ8oaZV7yo/AqB8MFe/vQqyVDm5pDDGUDQLRUciGirKwOIawoGd0kUy1Tmzji4KbJRwDRShQ=
      X-Amz-Request-Id:
      - 0FBD87E0ED2DABF2
    status: 200 OK
    code: 200
    duration: ""
- request:
    body: ""
    form: {}
    headers:
      User-Agent:
      - aws-sdk-go/1.15.57 (go1.11; linux; amd64)
      X-Amz-Content-Sha256:
      - e3b0c44298fc1c149afbf4c8996fb92427ae41e4649b934ca495991b7852b855
      X-Amz-Date:
      - 20181119T195032Z
    url: https://go-cloud-bucket.s3.us-east-2.amazonaws.com/as-test
    method: DELETE
  response:
    body: ""
    headers:
      Date:
      - Mon, 19 Nov 2018 19:50:33 GMT
      Server:
      - AmazonS3
      X-Amz-Id-2:
      - CdpByekYbv0TqiuDfFg7qzmGXKURq9xBpunRmEXZ+AQMSO2Eq9CVBXIGfyiV+e5PCdbvZZ72rcM=
      X-Amz-Request-Id:
      - 528C4C20CA340911
    status: 204 No Content
    code: 204
    duration: ""
